.\gradlew :  
Au caractère Ligne:1 : 1
+ .\gradlew :app:processDebugMainManifest > build_output.txt 2>&1
+ ~~~~~~~~~~~~~~~~~~~~~~~~~~~~~~~~~~~~~~~~~~~~~~~~~~~~~~~~~~~~~~~
    + CategoryInfo          : NotSpecified: ( :String) [], RemoteException
    + FullyQualifiedErrorId : NativeCommandError
 
ERROR: JAVA_HOME is not set and no 'java' command could be found in your PATH. 
 
Please set the JAVA_HOME variable in your environment to match the 
location of your Java installation. 
